
C:\Users\Administrator\Documents>C:

C:\Users\Administrator\Documents>cd C:\Users\Administrator\Documents\AutoTLE 

C:\Users\Administrator\Documents\AutoTLE>git pull origin master 
Already up to date.

C:\Users\Administrator\Documents\AutoTLE>python main.py  
get tles error.
ISS(ZARYA)
SO-50
AO-91(FOX-1B)
AO-92(FOX-1D)
PO-101(DIWATA-2B)
RS-44
AO-27
XW-2A
XW-2B
XW-2D
XW-2F
AO-7
CAS-4A
CAS-4B
CAS-3H(LilacSat-2)
FO-29
EO-88
CAS-6
CSS(TianHe)
JO-97
UVSQ-SAT
FO-99
NOAA-15
NOAA-18
NOAA-19
METEOR-M2
XW-3(HO-113)
CSS(MengTian)
CAS-10(XW-4)
CAS-5A(FO-118)
GreenCube
TEVEL-2
TEVEL-3
TEVEL-4
TEVEL-5
TEVEL-6
TEVEL-7
LEDSAT
InspireSat-7

C:\Users\Administrator\Documents\AutoTLE>git add * 

C:\Users\Administrator\Documents\AutoTLE>git add logs.txt 

C:\Users\Administrator\Documents\AutoTLE>git commit -a -m "Auto upload"  
